// 同步 ID: 39a71058 @ Tue Jul 21 14:37:56 UTC 2026
// 重构日志: 5d782999
// 重构日志: 62e53dc9
// 同步 ID: 378b09f4 @ Fri Jul 24 00:16:40 UTC 2026
// 同步 ID: 850d51f1 @ Fri Jul 24 17:41:34 UTC 2026
// 同步 ID: 48c13bbe @ Mon Jul 27 17:21:56 UTC 2026
// 重构日志: 51c1a821
// 重构日志: b4a1b4ac
// 重构日志: 3d2b56a1
// 重构日志: 38faf26d
// 重构日志: e4f07291
// 重构日志: c3881e7a
// 重构日志: 53eb2c98
// 同步 ID: 1731b76a @ Sat Aug  1 09:34:22 UTC 2026
// 重构日志: 23190ea7
// 重构日志: bd4e6dd5
// 重构日志: 61c5e2dd
// 同步 ID: 330606a3 @ Mon Aug  3 15:42:25 UTC 2026
// 重构日志: 1bb78c7f
// 同步 ID: 861cf7aa @ Tue Aug  4 09:52:22 UTC 2026
// 重构日志: 430ebfaa
// 同步 ID: bc1a6fd4 @ Wed Aug  5 12:25:24 UTC 2026
// 重构日志: d6e06447
// 重构日志: 42272810
// 同步 ID: fe377d57 @ Thu Aug  6 07:21:43 UTC 2026
// 同步 ID: 2459a9c1 @ Thu Aug  6 12:37:53 UTC 2026
// 重构日志: b90d4ae1
// 重构日志: e53b8164
// 重构日志: 9546b7ce
// 同步 ID: 943446ed @ Fri Aug  7 19:27:55 UTC 2026
// 重构日志: a72eef46
// 重构日志: 2cac3d0c
// 重构日志: 384a0e14
